ADD     Eb  Gb  
ADD     Ew  Gw  
ADD     Gb  Eb  
ADD     Gw  Ew  
ADD     _al Ib  
ADD     _ax Iw  
PUSH    _es     
POP     _es     
OR      Eb  Gb  
OR      Ew  Gw  
OR      Gb  Eb  
OR      Gw  Ew  
OR      _al Ib  
OR      _ax Iw  
PUSH    _cs     
--              
ADC     Eb  Gb  
ADC     Ew  Gw  
ADC     Gb  Eb  
ADC     Gw  Ew  
ADC     _al Ib  
ADC     _ax Iw  
PUSH    _ss     
POP     _ss     
SBB     Eb  Gb  
SBB     Ew  Gw  
SBB     Gb  Eb  
SBB     Gw  Ew  
SBB     _al Ib  
SBB     _ax Iw  
PUSH    _ds     
POP     _ds     
AND     Eb  Gb  
AND     Ew  Gw  
AND     Gb  Eb  
AND     Gw  Ew  
AND     _al Ib  
AND     _ax Iw  
ES:             
DAA             
SUB     Eb  Gb  
SUB     Ew  Gw  
SUB     Gb  Eb  
SUB     Gw  Ew  
SUB     _al Ib  
SUB     _ax Iw  
CS:             
DAS             
XOR     Eb  Gb  
XOR     Ew  Gw  
XOR     Gb  Eb  
XOR     Gw  Ew  
XOR     _al Ib  
XOR     _ax Iw  
SS:             
AAA             
CMP     Eb  Gb  
CMP     Ew  Gw  
CMP     Gb  Eb  
CMP     Gw  Ew  
CMP     _al Ib  
CMP     _ax Iw  
DS:             
AAS             
INC     _ax     
INC     _cx     
INC     _dx     
INC     _bx     
INC     _sp     
INC     _bp     
INC     _si     
INC     _di     
DEC     _ax     
DEC     _cx     
DEC     _dx     
DEC     _bx     
DEC     _sp     
DEC     _bp     
DEC     _si     
DEC     _di     
PUSH    _ax     
PUSH    _cx     
PUSH    _dx     
PUSH    _bx     
PUSH    _sp     
PUSH    _bp     
PUSH    _si     
PUSH    _di     
POP     _ax     
POP     _cx     
POP     _dx     
POP     _bx     
POP     _sp     
POP     _bp     
POP     _si     
POP     _di     
--              
--              
--              
--              
--              
--              
--              
--              
--              
--              
--              
--              
--              
--              
--              
--              
JO      Jb      
JNO     Jb      
JB      Jb      
JNB     Jb      
JZ      Jb      
JNZ     Jb      
JBE     Jb      
JA      Jb      
JS      Jb      
JNS     Jb      
JPE     Jb      
JPO     Jb      
JL      Jb      
JGE     Jb      
JLE     Jb      
JG      Jb      
GR0     Ebt Ib  
GR0     Ew  Iw  
GR0     Ebt Ib  
GR0     Ew  Ib  
TEST    Gb  Eb  
TEST    Gw  Ew  
XCHG    Gb  Eb  
XCHG    Gw  Ew  
MOV     Eb  Gb  
MOV     Ew  Gw  
MOV     Gb  Eb  
MOV     Gw  Ew  
MOV     Ew  Sw  
LEA     Gw  M   
MOV     Sw  Ew  
POP     Ew      
NOP             
XCHG    _cx _ax 
XCHG    _dx _ax 
XCHG    _bx _ax 
XCHG    _sp _ax 
XCHG    _bp _ax 
XCHG    _si _ax 
XCHG    _di _ax 
CBW             
CWD             
CALL    Ap      
WAIT            
PUSHF           
POPF            
SAHF            
LAHF            
MOV     _al Ob  
MOV     _ax Ow  
MOV     Ob  _al 
MOV     Ow  _ax 
MOVSB           
MOVSW           
CMPSB           
CMPSW           
TEST    _al Ib  
TEST    _ax Iw  
STOSB           
STOSW           
LODSB           
LODSW           
SCASB           
SCASW           
MOV     _al Ib  
MOV     _cl Ib  
MOV     _dl Ib  
MOV     _bl Ib  
MOV     _ah Ib  
MOV     _ch Ib  
MOV     _dh Ib  
MOV     _bh Ib  
MOV     _ax Iw  
MOV     _cx Iw  
MOV     _dx Iw  
MOV     _bx Iw  
MOV     _sp Iw  
MOV     _bp Iw  
MOV     _si Iw  
MOV     _di Iw  
--              
--              
RET     Iw      
RET             
LES     Gw  Mp  
LDS     Gw  Mp  
MOV     Ebt Ib  
MOV     Ew  Iw  
--              
--              
RETF    Iw      
RETF            
INT     3       
INT     Ib      
INTO            
IRET            
GR1     Ebt 1   
GR1     Ew  1   
GR1     Eb  _cl 
GR1     Ew  _cl 
AAM     Ib      
AAD     Ib      
--              
XLAT            
--              
--              
--              
--              
--              
--              
--              
--              
LOOPNZ  Jb      
LOOPZ   Jb      
LOOP    Jb      
JCXZ    Jb      
IN      _al Ib  
IN      _ax Ib  
OUT     Ib  _al 
OUT     Ib  _ax 
CALL    Jw      
JMP     Jw      
JMP     Ap      
JMP     Jb      
IN      _al _dx 
IN      _ax _dx 
OUT     _dx _al 
OUT     _dx _ax 
LOCK            
--              
REPNZ           
REPZ            
HLT             
CMC             
GR2     Ebt     
GR3     Ew      
CLC             
STC             
CLI             
STI             
CLD             
STD             
GR4     Ebt     
GR5     Ew      
